// Jest Snapshot v1, https://goo.gl/fbAQLP

exports[`export-generator/export exports fragments from a Liferay Site 1`] = `
Array [
  Object {
    "fragmentCollectionId": "collection-a",
    "fragmentCompositions": Array [],
    "fragments": Array [
      Object {
        "configuration": "{\\"fieldSets\\": []}",
        "css": ".fragment {}",
        "html": "<fragment-a></fragment-a>",
        "js": "console.log(\\"fragment\\")",
        "metadata": Object {
          "configurationPath": "configuration.json",
          "cssPath": "styles.css",
          "htmlPath": "index.html",
          "jsPath": "main.js",
          "name": "Fragment A",
          "type": "1",
        },
        "slug": "1234-collection-a-fragment-a",
      },
    ],
    "metadata": Object {
      "description": "This is collection A",
      "name": "Collection A",
    },
    "slug": "collection-a",
  },
  Object {
    "fragmentCollectionId": "collection-b",
    "fragmentCompositions": Array [],
    "fragments": Array [
      Object {
        "configuration": "{\\"fieldSets\\": []}",
        "css": ".fragment {}",
        "html": "<fragment-a></fragment-a>",
        "js": "console.log(\\"fragment\\")",
        "metadata": Object {
          "configurationPath": "configuration.json",
          "cssPath": "styles.css",
          "htmlPath": "index.html",
          "jsPath": "main.js",
          "name": "Fragment A",
          "type": "1",
        },
        "slug": "1234-collection-b-fragment-a",
      },
    ],
    "metadata": Object {
      "description": "This is collection B",
      "name": "Collection B",
    },
    "slug": "collection-b",
  },
]
`;

exports[`export-generator/export exports fragments from a Liferay Site 2`] = `
Array [
  Object {
    "fragmentCollectionId": "collection-a",
    "fragmentCompositions": Array [],
    "fragments": Array [
      Object {
        "configuration": "{\\"fieldSets\\": []}",
        "css": ".fragment {}",
        "html": "<fragment-a></fragment-a>",
        "js": "console.log(\\"fragment\\")",
        "metadata": Object {
          "configurationPath": "configuration.json",
          "cssPath": "styles.css",
          "htmlPath": "index.html",
          "jsPath": "main.js",
          "name": "Fragment A",
          "type": "1",
        },
        "slug": "1234-collection-a-fragment-a",
      },
    ],
    "metadata": Object {
      "description": "This is collection A",
      "name": "Collection A",
    },
    "slug": "collection-a",
  },
  Object {
    "fragmentCollectionId": "collection-b",
    "fragmentCompositions": Array [],
    "fragments": Array [
      Object {
        "configuration": "{\\"fieldSets\\": []}",
        "css": ".fragment {}",
        "html": "<fragment-a></fragment-a>",
        "js": "console.log(\\"fragment\\")",
        "metadata": Object {
          "configurationPath": "configuration.json",
          "cssPath": "styles.css",
          "htmlPath": "index.html",
          "jsPath": "main.js",
          "name": "Fragment A",
          "type": "1",
        },
        "slug": "1234-collection-b-fragment-a",
      },
    ],
    "metadata": Object {
      "description": "This is collection B",
      "name": "Collection B",
    },
    "slug": "collection-b",
  },
]
`;

exports[`export-generator/export exports fragments from a Liferay Site 3`] = `
Array [
  Object {
    "fragmentCollectionId": "collection-a",
    "fragmentCompositions": Array [],
    "fragments": Array [
      Object {
        "configuration": "{\\"fieldSets\\": []}",
        "css": ".fragment {}",
        "html": "<fragment-a></fragment-a>",
        "js": "console.log(\\"fragment\\")",
        "metadata": Object {
          "configurationPath": "configuration.json",
          "cssPath": "styles.css",
          "htmlPath": "index.html",
          "jsPath": "main.js",
          "name": "Fragment A",
          "type": "1",
        },
        "slug": "1234-collection-a-fragment-a",
      },
    ],
    "metadata": Object {
      "description": "This is collection A",
      "name": "Collection A",
    },
    "slug": "collection-a",
  },
  Object {
    "fragmentCollectionId": "collection-b",
    "fragmentCompositions": Array [],
    "fragments": Array [
      Object {
        "configuration": "{\\"fieldSets\\": []}",
        "css": ".fragment {}",
        "html": "<fragment-a></fragment-a>",
        "js": "console.log(\\"fragment\\")",
        "metadata": Object {
          "configurationPath": "configuration.json",
          "cssPath": "styles.css",
          "htmlPath": "index.html",
          "jsPath": "main.js",
          "name": "Fragment A",
          "type": "1",
        },
        "slug": "1234-collection-b-fragment-a",
      },
    ],
    "metadata": Object {
      "description": "This is collection B",
      "name": "Collection B",
    },
    "slug": "collection-b",
  },
]
`;
