// Jest Snapshot v1, https://goo.gl/fbAQLP

exports[`fragment-generator generates a new fragment 1`] = `
"{
  \\"cssPath\\": \\"styles.css\\",
  \\"configPath\\": \\"config.json\\",
  \\"htmlPath\\": \\"index.html\\",
  \\"jsPath\\": \\"main.js\\",
  \\"name\\": \\"Sample Fragment\\",
  \\"type\\": \\"section\\"
}
"
`;

exports[`fragment-generator generates a new fragment 2`] = `
"<div class=\\"sample-fragment\\">
  Sample Fragment
</div>
"
`;

exports[`fragment-generator generates a new fragment 3`] = `
".sample-fragment {
  color: inherit;
}
"
`;

exports[`fragment-generator generates a new fragment 4`] = `
"const content = fragmentElement.querySelector('.sample-fragment');
"
`;
